<b>Alert type:</b> Resolved ✅

<b>Level:</b> Info ℹ

<b>Details:</b> The issue has been resolved: Node blabla is unreachable
