```yaml
Alert type: Resolved ✅

Level: Info ℹ

Details: The issue has been resolved, Node blabla is unreachable
```
