<b>Alert type:</b> Base Target

<b>Level:</b> Error ❌

<b>Details:</b> Base target is greater than the threshold value. The threshold value is 101


Node: <code>test1</code>
Base Target: <code>150</code>

Node: <code>test2</code>
Base Target: <code>510</code>


