<b>Alert type:</b> Incomplete ❔

<b>Level:</b> Warning ❗

<b>Details:</b> Incomplete statement for node a 1 at height 1
