```yaml
Alert type: Incomplete❗️
Details: Incomplete statement for node a 1 at height 1
```
