<b>Alert type:</b>  Internal Error ❗️

<b>Level:</b> Warning ❗

<b>Details:</b> An internal error has occurred: error
