```yaml
Alert type: InternalErrorAlert ❗️

Level: Warning ❗

Details: An internal error has occurred, error
```
