<b>Alert type:</b> Invalid Height ❌

<b>Level:</b> Warning ❗

<b>Details:</b> Node a 1 has an invalid height 1
