```yaml
Alert type: Invalid Height ❌
Details: Node a 1 has an invalid height 1
```
