```yaml
Alert type: Simple Alert ❌

Level: Error ❌

Details: Simple alert !!!
```
