‚ùå <b>Several Chains Detected</b>

<i>BlockID:</i> <code>1111111ogCyDbaRMvkdsHB3qfdyFYaG1WtRUAfdh</code>
<code>a</code>

<i>BlockID:</i> <code>1111111ogCyDbaRMvkdsHB3qfdyFYaG1WtRUAfdh</code>
<code>b</code>

<i>Last common Block:</i> <code>1111111ogCyDbaRMvkdsHB3qfdyFYaG1WtRUAfdh</code> at <code>1</code>

