❌ <b>Unreachable Alert</b>
Node node is unreachable
