```yaml
Alert type: Unreachable ❌

Level: Error ❌

Details: Node node is unreachable
```
