The list of nodes being monitored:

<code>blah</code><code>lala</code><code>b</code><code>m</code>
